   ********************************************
   ***                                      ***
   ***             FoldX 4 (c)              ***
   ***                                      ***
   ***     code by the FoldX Consortium     ***
   ***                                      ***
   ***     Jesper Borg, Frederic Rousseau   ***
   ***    Joost Schymkowitz, Luis Serrano   ***
   ***    Peter Vanhee, Erik Verschueren    ***
   ***     Lies Baeten, Javier Delgado      ***
   ***       and Francois Stricher          ***
   *** and any other of the 9! permutations ***
   ***   based on an original concept by    ***
   ***   Raphael Guerois and Luis Serrano   ***
   ********************************************

1 models read: wt_input_Repair.pdb
Output: /home/tzhouaq/offline-moo/off_moo_bench/problem/lambo/data/experiments/test/happy_median_0/2024-08-15_11-38-04/foldx/2f9a1240898547cfbdeb75c4f04b52d1/wt_input_Repair.log

BackHbond       =               -174.46
SideHbond       =               -70.43
Energy_VdW      =               -257.41
Electro         =               -11.42
Energy_SolvP    =               317.70
Energy_SolvH    =               -345.05
Energy_vdwclash =               8.06
energy_torsion  =               3.76
backbone_vdwclash=              59.64
Entropy_sidec   =               138.08
Entropy_mainc   =               330.17
water bonds     =               0.00
helix dipole    =               0.00
loop_entropy    =               0.00
cis_bond        =               2.25
disulfide       =               0.00
kn electrostatic=               0.00
partial covalent interactions = 0.00
Energy_Ionisation =             0.54
Entropy Complex =               0.00
-----------------------------------------------------------
Total          = 				  -58.22

Starting BuildModel
Reading VA105W;
Residue to Mutate VALA105 has residue index 98
Mutating residue = VALA105 into TRP
Your file run OK
End time of FoldX: Thu Aug 15 13:06:11 2024
Total time spend: 4.23 seconds.
validated file "wt_input_Repair_1.pdb" => successfully finished
Cleaning BuildModel...DONE
