   ********************************************
   ***                                      ***
   ***             FoldX 4 (c)              ***
   ***                                      ***
   ***     code by the FoldX Consortium     ***
   ***                                      ***
   ***     Jesper Borg, Frederic Rousseau   ***
   ***    Joost Schymkowitz, Luis Serrano   ***
   ***    Peter Vanhee, Erik Verschueren    ***
   ***     Lies Baeten, Javier Delgado      ***
   ***       and Francois Stricher          ***
   *** and any other of the 9! permutations ***
   ***   based on an original concept by    ***
   ***   Raphael Guerois and Luis Serrano   ***
   ********************************************

1 models read: wt_input_Repair.pdb
Output: /home/tzhouaq/offline-moo/off_moo_bench/problem/lambo/data/experiments/test/happy_median_0/2024-08-15_11-38-04/foldx/37e82ec4e04e4f1480cd95c1494efb28/wt_input_Repair.log

BackHbond       =               -174.54
SideHbond       =               -82.19
Energy_VdW      =               -263.99
Electro         =               -11.84
Energy_SolvP    =               336.85
Energy_SolvH    =               -343.93
Energy_vdwclash =               8.57
energy_torsion  =               4.45
backbone_vdwclash=              59.73
Entropy_sidec   =               142.83
Entropy_mainc   =               344.09
water bonds     =               0.00
helix dipole    =               0.00
loop_entropy    =               0.00
cis_bond        =               2.25
disulfide       =               0.00
kn electrostatic=               0.00
partial covalent interactions = 0.00
Energy_Ionisation =             1.45
Entropy Complex =               0.00
-----------------------------------------------------------
Total          = 				  -35.99

Starting BuildModel
Reading AA229C;
Residue to Mutate ALAA229 has residue index 226
Mutating residue = ALAA229 into CYS
Your file run OK
End time of FoldX: Thu Aug 15 11:57:16 2024
Total time spend: 1.43 seconds.
validated file "wt_input_Repair_1.pdb" => successfully finished
Cleaning BuildModel...DONE
