   ********************************************
   ***                                      ***
   ***             FoldX 4 (c)              ***
   ***                                      ***
   ***     code by the FoldX Consortium     ***
   ***                                      ***
   ***     Jesper Borg, Frederic Rousseau   ***
   ***    Joost Schymkowitz, Luis Serrano   ***
   ***    Peter Vanhee, Erik Verschueren    ***
   ***     Lies Baeten, Javier Delgado      ***
   ***       and Francois Stricher          ***
   *** and any other of the 9! permutations ***
   ***   based on an original concept by    ***
   ***   Raphael Guerois and Luis Serrano   ***
   ********************************************

1 models read: wt_input_Repair.pdb
Output: /home/tzhouaq/offline-moo/off_moo_bench/problem/lambo/data/experiments/test/happy_median_0/2024-08-15_11-38-04/foldx/6c9d672b46254eb6850940f9bf0a7c9f/wt_input_Repair.log

BackHbond       =               -174.77
SideHbond       =               -82.12
Energy_VdW      =               -264.68
Electro         =               -11.65
Energy_SolvP    =               337.59
Energy_SolvH    =               -344.91
Energy_vdwclash =               7.32
energy_torsion  =               4.40
backbone_vdwclash=              59.64
Entropy_sidec   =               142.97
Entropy_mainc   =               343.32
water bonds     =               0.00
helix dipole    =               0.00
loop_entropy    =               0.00
cis_bond        =               2.25
disulfide       =               0.00
kn electrostatic=               0.00
partial covalent interactions = 0.00
Energy_Ionisation =             1.78
Entropy Complex =               0.00
-----------------------------------------------------------
Total          = 				  -38.51

Starting BuildModel
Reading CA47Y;
Residue to Mutate CYSA47 has residue index 44
Mutating residue = CYSA47 into TYR
Your file run OK
End time of FoldX: Thu Aug 15 12:02:53 2024
Total time spend: 4.84 seconds.
validated file "wt_input_Repair_1.pdb" => successfully finished
Cleaning BuildModel...DONE
