   ********************************************
   ***                                      ***
   ***             FoldX 4 (c)              ***
   ***                                      ***
   ***     code by the FoldX Consortium     ***
   ***                                      ***
   ***     Jesper Borg, Frederic Rousseau   ***
   ***    Joost Schymkowitz, Luis Serrano   ***
   ***    Peter Vanhee, Erik Verschueren    ***
   ***     Lies Baeten, Javier Delgado      ***
   ***       and Francois Stricher          ***
   *** and any other of the 9! permutations ***
   ***   based on an original concept by    ***
   ***   Raphael Guerois and Luis Serrano   ***
   ********************************************

1 models read: wt_input_Repair.pdb
Output: /home/tzhouaq/offline-moo/off_moo_bench/problem/lambo/data/experiments/test/happy_median_0/2024-08-15_11-38-04/foldx/66ebd7971dd54b49acaa927aaa322cb0/wt_input_Repair.log

BackHbond       =               -172.03
SideHbond       =               -72.46
Energy_VdW      =               -262.84
Electro         =               -9.09
Energy_SolvP    =               329.89
Energy_SolvH    =               -345.97
Energy_vdwclash =               9.41
energy_torsion  =               4.55
backbone_vdwclash=              60.12
Entropy_sidec   =               138.05
Entropy_mainc   =               345.04
water bonds     =               0.00
helix dipole    =               0.00
loop_entropy    =               0.00
cis_bond        =               2.25
disulfide       =               0.00
kn electrostatic=               0.00
partial covalent interactions = 0.00
Energy_Ionisation =             1.44
Entropy Complex =               0.00
-----------------------------------------------------------
Total          = 				  -31.78

Starting BuildModel
Reading VA165K;
Residue to Mutate VALA165 has residue index 162
Mutating residue = VALA165 into LYS
Your file run OK
End time of FoldX: Tue Nov 26 07:03:35 2024
Total time spend: 9.12 seconds.
validated file "wt_input_Repair_1.pdb" => successfully finished
Cleaning BuildModel...DONE
