   ********************************************
   ***                                      ***
   ***             FoldX 4 (c)              ***
   ***                                      ***
   ***     code by the FoldX Consortium     ***
   ***                                      ***
   ***     Jesper Borg, Frederic Rousseau   ***
   ***    Joost Schymkowitz, Luis Serrano   ***
   ***    Peter Vanhee, Erik Verschueren    ***
   ***     Lies Baeten, Javier Delgado      ***
   ***       and Francois Stricher          ***
   *** and any other of the 9! permutations ***
   ***   based on an original concept by    ***
   ***   Raphael Guerois and Luis Serrano   ***
   ********************************************

1 models read: wt_input_Repair.pdb
Output: /home/tzhouaq/offline-moo/off_moo_bench/problem/lambo/data/experiments/test/happy_median_0/2024-08-15_11-38-04/foldx/04a30beb865142ea8360c7556f5272c9/wt_input_Repair.log

BackHbond       =               -150.12
SideHbond       =               -58.71
Energy_VdW      =               -253.18
Electro         =               -12.83
Energy_SolvP    =               330.88
Energy_SolvH    =               -333.67
Energy_vdwclash =               20.33
energy_torsion  =               6.76
backbone_vdwclash=              75.53
Entropy_sidec   =               134.27
Entropy_mainc   =               348.29
water bonds     =               0.00
helix dipole    =               0.00
loop_entropy    =               0.00
cis_bond        =               2.25
disulfide       =               0.00
kn electrostatic=               0.00
partial covalent interactions = 0.00
Energy_Ionisation =             1.04
Entropy Complex =               0.00
-----------------------------------------------------------
Total          = 				  35.30

Starting BuildModel
Reading NA33S;
Residue to Mutate ASNA33 has residue index 32
Mutating residue = ASNA33 into SER
Your file run OK
End time of FoldX: Thu Aug 15 12:39:10 2024
Total time spend: 3.78 seconds.
validated file "wt_input_Repair_1.pdb" => successfully finished
Cleaning BuildModel...DONE
