   ********************************************
   ***                                      ***
   ***             FoldX 4 (c)              ***
   ***                                      ***
   ***     code by the FoldX Consortium     ***
   ***                                      ***
   ***     Jesper Borg, Frederic Rousseau   ***
   ***    Joost Schymkowitz, Luis Serrano   ***
   ***    Peter Vanhee, Erik Verschueren    ***
   ***     Lies Baeten, Javier Delgado      ***
   ***       and Francois Stricher          ***
   *** and any other of the 9! permutations ***
   ***   based on an original concept by    ***
   ***   Raphael Guerois and Luis Serrano   ***
   ********************************************

1 models read: wt_input_Repair.pdb
Output: /home/tzhouaq/offline-moo/off_moo_bench/problem/lambo/data/experiments/test/happy_median_0/2024-08-15_11-38-04/foldx/0febba566e8641748c9f111a6b1110c5/wt_input_Repair.log

BackHbond       =               -152.27
SideHbond       =               -62.70
Energy_VdW      =               -258.86
Electro         =               -14.55
Energy_SolvP    =               338.09
Energy_SolvH    =               -339.47
Energy_vdwclash =               22.31
energy_torsion  =               7.57
backbone_vdwclash=              77.09
Entropy_sidec   =               136.01
Entropy_mainc   =               350.54
water bonds     =               0.00
helix dipole    =               0.00
loop_entropy    =               0.00
cis_bond        =               2.25
disulfide       =               0.00
kn electrostatic=               0.00
partial covalent interactions = 0.00
Energy_Ionisation =             1.58
Entropy Complex =               0.00
-----------------------------------------------------------
Total          = 				  30.49

Starting BuildModel
Reading VA45N;
Residue to Mutate VALA45 has residue index 44
Mutating residue = VALA45 into ASN
Your file run OK
End time of FoldX: Thu Aug 15 11:54:54 2024
Total time spend: 1.21 seconds.
validated file "wt_input_Repair_1.pdb" => successfully finished
Cleaning BuildModel...DONE
