   ********************************************
   ***                                      ***
   ***             FoldX 4 (c)              ***
   ***                                      ***
   ***     code by the FoldX Consortium     ***
   ***                                      ***
   ***     Jesper Borg, Frederic Rousseau   ***
   ***    Joost Schymkowitz, Luis Serrano   ***
   ***    Peter Vanhee, Erik Verschueren    ***
   ***     Lies Baeten, Javier Delgado      ***
   ***       and Francois Stricher          ***
   *** and any other of the 9! permutations ***
   ***   based on an original concept by    ***
   ***   Raphael Guerois and Luis Serrano   ***
   ********************************************

1 models read: wt_input_Repair.pdb
Output: /home/tzhouaq/offline-moo/off_moo_bench/problem/lambo/data/experiments/test/happy_median_0/2024-08-15_11-38-04/foldx/105eec41b1d14e6f85c31caac1b3d9e8/wt_input_Repair.log

BackHbond       =               -177.34
SideHbond       =               -66.32
Energy_VdW      =               -262.08
Electro         =               -12.24
Energy_SolvP    =               348.71
Energy_SolvH    =               -347.24
Energy_vdwclash =               8.67
energy_torsion  =               4.64
backbone_vdwclash=              59.18
Entropy_sidec   =               140.77
Entropy_mainc   =               328.70
water bonds     =               0.00
helix dipole    =               0.00
loop_entropy    =               0.00
cis_bond        =               2.25
disulfide       =               0.00
kn electrostatic=               0.00
partial covalent interactions = -45.56
Energy_Ionisation =             0.84
Entropy Complex =               0.00
-----------------------------------------------------------
Total          = 				  -76.22

Starting BuildModel
Reading IA161C;
Residue to Mutate ILEA161 has residue index 157
Mutating residue = ILEA161 into CYS
Your file run OK
End time of FoldX: Thu Aug 15 12:47:58 2024
Total time spend: 2.30 seconds.
validated file "wt_input_Repair_1.pdb" => successfully finished
Cleaning BuildModel...DONE
