   ********************************************
   ***                                      ***
   ***             FoldX 4 (c)              ***
   ***                                      ***
   ***     code by the FoldX Consortium     ***
   ***                                      ***
   ***     Jesper Borg, Frederic Rousseau   ***
   ***    Joost Schymkowitz, Luis Serrano   ***
   ***    Peter Vanhee, Erik Verschueren    ***
   ***     Lies Baeten, Javier Delgado      ***
   ***       and Francois Stricher          ***
   *** and any other of the 9! permutations ***
   ***   based on an original concept by    ***
   ***   Raphael Guerois and Luis Serrano   ***
   ********************************************

1 models read: wt_input_Repair.pdb
Output: /home/tzhouaq/offline-moo/off_moo_bench/problem/lambo/data/experiments/test/happy_median_0/2024-08-15_11-38-04/foldx/83f79779bdfe410f856a5bb72d830029/wt_input_Repair.log

BackHbond       =               -174.14
SideHbond       =               -69.47
Energy_VdW      =               -257.46
Electro         =               -10.84
Energy_SolvP    =               316.72
Energy_SolvH    =               -345.69
Energy_vdwclash =               7.42
energy_torsion  =               3.77
backbone_vdwclash=              59.23
Entropy_sidec   =               139.01
Entropy_mainc   =               329.11
water bonds     =               0.00
helix dipole    =               0.00
loop_entropy    =               0.00
cis_bond        =               2.25
disulfide       =               0.00
kn electrostatic=               0.00
partial covalent interactions = 0.00
Energy_Ionisation =             0.60
Entropy Complex =               0.00
-----------------------------------------------------------
Total          = 				  -58.71

Starting BuildModel
Reading GA191L;
Residue to Mutate GLYA191 has residue index 184
Mutating residue = GLYA191 into LEU
Your file run OK
End time of FoldX: Thu Aug 15 12:16:29 2024
Total time spend: 1.88 seconds.
validated file "wt_input_Repair_1.pdb" => successfully finished
Cleaning BuildModel...DONE
