   ********************************************
   ***                                      ***
   ***             FoldX 4 (c)              ***
   ***                                      ***
   ***     code by the FoldX Consortium     ***
   ***                                      ***
   ***     Jesper Borg, Frederic Rousseau   ***
   ***    Joost Schymkowitz, Luis Serrano   ***
   ***    Peter Vanhee, Erik Verschueren    ***
   ***     Lies Baeten, Javier Delgado      ***
   ***       and Francois Stricher          ***
   *** and any other of the 9! permutations ***
   ***   based on an original concept by    ***
   ***   Raphael Guerois and Luis Serrano   ***
   ********************************************

1 models read: wt_input_Repair.pdb
Output: /home/tzhouaq/offline-moo/off_moo_bench/problem/lambo/data/experiments/test/happy_median_0/2024-08-15_11-38-04/foldx/42cbdbeaa3a741648882b7bb632c4ce5/wt_input_Repair.log

BackHbond       =               -174.64
SideHbond       =               -82.27
Energy_VdW      =               -264.53
Electro         =               -11.79
Energy_SolvP    =               337.18
Energy_SolvH    =               -344.69
Energy_vdwclash =               8.17
energy_torsion  =               4.41
backbone_vdwclash=              59.81
Entropy_sidec   =               143.24
Entropy_mainc   =               344.03
water bonds     =               0.00
helix dipole    =               0.00
loop_entropy    =               0.00
cis_bond        =               2.25
disulfide       =               0.00
kn electrostatic=               0.00
partial covalent interactions = 0.00
Energy_Ionisation =             1.45
Entropy Complex =               0.00
-----------------------------------------------------------
Total          = 				  -37.18

Starting BuildModel
Reading EA196Q;
Residue to Mutate GLUA196 has residue index 193
Mutating residue = GLUA196 into GLN
Your file run OK
End time of FoldX: Thu Aug 15 12:23:32 2024
Total time spend: 3.43 seconds.
validated file "wt_input_Repair_1.pdb" => successfully finished
Cleaning BuildModel...DONE
