   ********************************************
   ***                                      ***
   ***             FoldX 4 (c)              ***
   ***                                      ***
   ***     code by the FoldX Consortium     ***
   ***                                      ***
   ***     Jesper Borg, Frederic Rousseau   ***
   ***    Joost Schymkowitz, Luis Serrano   ***
   ***    Peter Vanhee, Erik Verschueren    ***
   ***     Lies Baeten, Javier Delgado      ***
   ***       and Francois Stricher          ***
   *** and any other of the 9! permutations ***
   ***   based on an original concept by    ***
   ***   Raphael Guerois and Luis Serrano   ***
   ********************************************

1 models read: wt_input_Repair.pdb
Output: /home/tzhouaq/offline-moo/off_moo_bench/problem/lambo/data/experiments/test/happy_median_0/2024-08-15_11-38-04/foldx/67da8795fe6542229dda53c38d4660ef/wt_input_Repair.log

BackHbond       =               -172.52
SideHbond       =               -76.20
Energy_VdW      =               -264.03
Electro         =               -8.70
Energy_SolvP    =               332.17
Energy_SolvH    =               -347.51
Energy_vdwclash =               9.48
energy_torsion  =               4.45
backbone_vdwclash=              59.42
Entropy_sidec   =               140.92
Entropy_mainc   =               344.39
water bonds     =               0.00
helix dipole    =               0.00
loop_entropy    =               0.00
cis_bond        =               2.25
disulfide       =               0.00
kn electrostatic=               0.00
partial covalent interactions = 0.00
Energy_Ionisation =             1.44
Entropy Complex =               0.00
-----------------------------------------------------------
Total          = 				  -33.88

Starting BuildModel
Reading YA177K;
Residue to Mutate TYRA177 has residue index 174
Mutating residue = TYRA177 into LYS
Your file run OK
End time of FoldX: Tue Nov 26 06:44:09 2024
Total time spend: 5.33 seconds.
validated file "wt_input_Repair_1.pdb" => successfully finished
Cleaning BuildModel...DONE
