   ********************************************
   ***                                      ***
   ***             FoldX 4 (c)              ***
   ***                                      ***
   ***     code by the FoldX Consortium     ***
   ***                                      ***
   ***     Jesper Borg, Frederic Rousseau   ***
   ***    Joost Schymkowitz, Luis Serrano   ***
   ***    Peter Vanhee, Erik Verschueren    ***
   ***     Lies Baeten, Javier Delgado      ***
   ***       and Francois Stricher          ***
   *** and any other of the 9! permutations ***
   ***   based on an original concept by    ***
   ***   Raphael Guerois and Luis Serrano   ***
   ********************************************

1 models read: wt_input_Repair.pdb
Output: /home/tzhouaq/offline-moo/off_moo_bench/problem/lambo/data/experiments/test/happy_median_0/2024-08-15_11-38-04/foldx/35db17b64a5b4b36892ed3f627ef6ca0/wt_input_Repair.log

BackHbond       =               -174.66
SideHbond       =               -78.70
Energy_VdW      =               -263.46
Electro         =               -12.19
Energy_SolvP    =               334.35
Energy_SolvH    =               -344.05
Energy_vdwclash =               7.31
energy_torsion  =               4.36
backbone_vdwclash=              59.64
Entropy_sidec   =               140.64
Entropy_mainc   =               343.84
water bonds     =               0.00
helix dipole    =               0.00
loop_entropy    =               0.00
cis_bond        =               2.25
disulfide       =               0.00
kn electrostatic=               0.00
partial covalent interactions = 0.00
Energy_Ionisation =             1.78
Entropy Complex =               0.00
-----------------------------------------------------------
Total          = 				  -38.52

Starting BuildModel
Reading LA97N;
Residue to Mutate LEUA97 has residue index 94
Mutating residue = LEUA97 into ASN
Your file run OK
End time of FoldX: Thu Aug 15 12:12:56 2024
Total time spend: 1.69 seconds.
validated file "wt_input_Repair_1.pdb" => successfully finished
Cleaning BuildModel...DONE
