   ********************************************
   ***                                      ***
   ***             FoldX 4 (c)              ***
   ***                                      ***
   ***     code by the FoldX Consortium     ***
   ***                                      ***
   ***     Jesper Borg, Frederic Rousseau   ***
   ***    Joost Schymkowitz, Luis Serrano   ***
   ***    Peter Vanhee, Erik Verschueren    ***
   ***     Lies Baeten, Javier Delgado      ***
   ***       and Francois Stricher          ***
   *** and any other of the 9! permutations ***
   ***   based on an original concept by    ***
   ***   Raphael Guerois and Luis Serrano   ***
   ********************************************

1 models read: wt_input_Repair.pdb
Output: /home/tzhouaq/offline-moo/off_moo_bench/problem/lambo/data/experiments/test/happy_median_0/2024-08-15_11-38-04/foldx/226f727e983347f4a6bf42bccf539d21/wt_input_Repair.log

BackHbond       =               -173.96
SideHbond       =               -73.96
Energy_VdW      =               -257.71
Electro         =               -11.39
Energy_SolvP    =               320.98
Energy_SolvH    =               -344.32
Energy_vdwclash =               7.48
energy_torsion  =               3.67
backbone_vdwclash=              59.58
Entropy_sidec   =               141.93
Entropy_mainc   =               328.83
water bonds     =               0.00
helix dipole    =               0.00
loop_entropy    =               0.00
cis_bond        =               2.25
disulfide       =               0.00
kn electrostatic=               0.00
partial covalent interactions = 0.00
Energy_Ionisation =             0.59
Entropy Complex =               0.00
-----------------------------------------------------------
Total          = 				  -55.61

Starting BuildModel
Reading GA219L;
Residue to Mutate GLYA219 has residue index 212
Mutating residue = GLYA219 into LEU
Your file run OK
End time of FoldX: Thu Aug 15 11:39:43 2024
Total time spend: 15.89 seconds.
validated file "wt_input_Repair_1.pdb" => successfully finished
Cleaning BuildModel...DONE
