   ********************************************
   ***                                      ***
   ***             FoldX 4 (c)              ***
   ***                                      ***
   ***     code by the FoldX Consortium     ***
   ***                                      ***
   ***     Jesper Borg, Frederic Rousseau   ***
   ***    Joost Schymkowitz, Luis Serrano   ***
   ***    Peter Vanhee, Erik Verschueren    ***
   ***     Lies Baeten, Javier Delgado      ***
   ***       and Francois Stricher          ***
   *** and any other of the 9! permutations ***
   ***   based on an original concept by    ***
   ***   Raphael Guerois and Luis Serrano   ***
   ********************************************

1 models read: wt_input_Repair.pdb
Output: /home/tzhouaq/offline-moo/off_moo_bench/problem/lambo/data/experiments/test/happy_median_0/2024-08-15_11-38-04/foldx/6bdcb577de9946b6bc09185bde21260e/wt_input_Repair.log

BackHbond       =               -173.52
SideHbond       =               -68.87
Energy_VdW      =               -257.34
Electro         =               -11.06
Energy_SolvP    =               316.34
Energy_SolvH    =               -345.11
Energy_vdwclash =               7.36
energy_torsion  =               3.70
backbone_vdwclash=              59.25
Entropy_sidec   =               138.57
Entropy_mainc   =               328.92
water bonds     =               0.00
helix dipole    =               0.00
loop_entropy    =               0.00
cis_bond        =               2.25
disulfide       =               0.00
kn electrostatic=               0.00
partial covalent interactions = 0.00
Energy_Ionisation =             0.60
Entropy Complex =               0.00
-----------------------------------------------------------
Total          = 				  -58.16

Starting BuildModel
Reading LA225S;
Residue to Mutate LEUA225 has residue index 218
Mutating residue = LEUA225 into SER
Your file run OK
End time of FoldX: Thu Aug 15 12:14:12 2024
Total time spend: 3.23 seconds.
validated file "wt_input_Repair_1.pdb" => successfully finished
Cleaning BuildModel...DONE
