   ********************************************
   ***                                      ***
   ***             FoldX 4 (c)              ***
   ***                                      ***
   ***     code by the FoldX Consortium     ***
   ***                                      ***
   ***     Jesper Borg, Frederic Rousseau   ***
   ***    Joost Schymkowitz, Luis Serrano   ***
   ***    Peter Vanhee, Erik Verschueren    ***
   ***     Lies Baeten, Javier Delgado      ***
   ***       and Francois Stricher          ***
   *** and any other of the 9! permutations ***
   ***   based on an original concept by    ***
   ***   Raphael Guerois and Luis Serrano   ***
   ********************************************

1 models read: wt_input_Repair.pdb
Output: /home/tzhouaq/offline-moo/off_moo_bench/problem/lambo/data/experiments/test/happy_median_0/2024-08-15_11-38-04/foldx/5d22c07b057a452fa2cfeb3c8cc97430/wt_input_Repair.log

BackHbond       =               -152.16
SideHbond       =               -61.28
Energy_VdW      =               -259.34
Electro         =               -12.74
Energy_SolvP    =               336.94
Energy_SolvH    =               -340.69
Energy_vdwclash =               21.18
energy_torsion  =               6.69
backbone_vdwclash=              76.44
Entropy_sidec   =               136.46
Entropy_mainc   =               348.93
water bonds     =               0.00
helix dipole    =               0.00
loop_entropy    =               0.00
cis_bond        =               2.25
disulfide       =               0.00
kn electrostatic=               0.00
partial covalent interactions = 0.00
Energy_Ionisation =             1.03
Entropy Complex =               0.00
-----------------------------------------------------------
Total          = 				  27.25

Starting BuildModel
Reading MA36S;
Residue to Mutate META36 has residue index 35
Mutating residue = META36 into SER
Your file run OK
End time of FoldX: Thu Aug 15 12:14:40 2024
Total time spend: 7.43 seconds.
validated file "wt_input_Repair_1.pdb" => successfully finished
Cleaning BuildModel...DONE
