   ********************************************
   ***                                      ***
   ***             FoldX 4 (c)              ***
   ***                                      ***
   ***     code by the FoldX Consortium     ***
   ***                                      ***
   ***     Jesper Borg, Frederic Rousseau   ***
   ***    Joost Schymkowitz, Luis Serrano   ***
   ***    Peter Vanhee, Erik Verschueren    ***
   ***     Lies Baeten, Javier Delgado      ***
   ***       and Francois Stricher          ***
   *** and any other of the 9! permutations ***
   ***   based on an original concept by    ***
   ***   Raphael Guerois and Luis Serrano   ***
   ********************************************

1 models read: wt_input_Repair.pdb
Output: /home/tzhouaq/offline-moo/off_moo_bench/problem/lambo/data/experiments/test/happy_median_0/2024-08-15_11-38-04/foldx/1ad8cc21b1914b658901c978b1a0700f/wt_input_Repair.log

BackHbond       =               -174.86
SideHbond       =               -81.03
Energy_VdW      =               -266.67
Electro         =               -11.57
Energy_SolvP    =               339.16
Energy_SolvH    =               -348.56
Energy_vdwclash =               8.72
energy_torsion  =               4.54
backbone_vdwclash=              59.73
Entropy_sidec   =               142.94
Entropy_mainc   =               342.33
water bonds     =               0.00
helix dipole    =               0.00
loop_entropy    =               0.00
cis_bond        =               2.25
disulfide       =               0.00
kn electrostatic=               0.00
partial covalent interactions = 0.00
Energy_Ionisation =             1.40
Entropy Complex =               0.00
-----------------------------------------------------------
Total          = 				  -41.36

Starting BuildModel
Reading LA169F;
Residue to Mutate LEUA169 has residue index 166
Mutating residue = LEUA169 into PHE
Your file run OK
End time of FoldX: Thu Aug 15 12:03:20 2024
Total time spend: 2.43 seconds.
validated file "wt_input_Repair_1.pdb" => successfully finished
Cleaning BuildModel...DONE
