   ********************************************
   ***                                      ***
   ***             FoldX 4 (c)              ***
   ***                                      ***
   ***     code by the FoldX Consortium     ***
   ***                                      ***
   ***     Jesper Borg, Frederic Rousseau   ***
   ***    Joost Schymkowitz, Luis Serrano   ***
   ***    Peter Vanhee, Erik Verschueren    ***
   ***     Lies Baeten, Javier Delgado      ***
   ***       and Francois Stricher          ***
   *** and any other of the 9! permutations ***
   ***   based on an original concept by    ***
   ***   Raphael Guerois and Luis Serrano   ***
   ********************************************

1 models read: wt_input_Repair.pdb
Output: /home/tzhouaq/offline-moo/off_moo_bench/problem/lambo/data/experiments/test/happy_median_0/2024-08-15_11-38-04/foldx/3efddd6fbb1d4a8486cadd2cb4264811/wt_input_Repair.log

BackHbond       =               -174.15
SideHbond       =               -70.97
Energy_VdW      =               -258.10
Electro         =               -10.81
Energy_SolvP    =               317.30
Energy_SolvH    =               -346.20
Energy_vdwclash =               8.46
energy_torsion  =               3.72
backbone_vdwclash=              59.38
Entropy_sidec   =               140.92
Entropy_mainc   =               330.43
water bonds     =               0.00
helix dipole    =               0.00
loop_entropy    =               0.00
cis_bond        =               2.25
disulfide       =               0.00
kn electrostatic=               0.00
partial covalent interactions = 0.00
Energy_Ionisation =             0.60
Entropy Complex =               0.00
-----------------------------------------------------------
Total          = 				  -56.54

Starting BuildModel
Reading IA125K;
Residue to Mutate ILEA125 has residue index 118
Mutating residue = ILEA125 into LYS
Your file run OK
End time of FoldX: Thu Aug 15 12:33:01 2024
Total time spend: 14.48 seconds.
validated file "wt_input_Repair_1.pdb" => successfully finished
Cleaning BuildModel...DONE
