   ********************************************
   ***                                      ***
   ***             FoldX 4 (c)              ***
   ***                                      ***
   ***     code by the FoldX Consortium     ***
   ***                                      ***
   ***     Jesper Borg, Frederic Rousseau   ***
   ***    Joost Schymkowitz, Luis Serrano   ***
   ***    Peter Vanhee, Erik Verschueren    ***
   ***     Lies Baeten, Javier Delgado      ***
   ***       and Francois Stricher          ***
   *** and any other of the 9! permutations ***
   ***   based on an original concept by    ***
   ***   Raphael Guerois and Luis Serrano   ***
   ********************************************

1 models read: wt_input_Repair.pdb
Output: /home/tzhouaq/offline-moo/off_moo_bench/problem/lambo/data/experiments/test/happy_median_0/2024-08-15_11-38-04/foldx/31ff81a6b3ce4643985670260e5da02d/wt_input_Repair.log

BackHbond       =               -176.70
SideHbond       =               -68.12
Energy_VdW      =               -255.78
Electro         =               -11.75
Energy_SolvP    =               346.50
Energy_SolvH    =               -336.43
Energy_vdwclash =               9.34
energy_torsion  =               4.78
backbone_vdwclash=              58.85
Entropy_sidec   =               137.99
Entropy_mainc   =               330.47
water bonds     =               0.00
helix dipole    =               0.00
loop_entropy    =               0.00
cis_bond        =               2.25
disulfide       =               0.00
kn electrostatic=               0.00
partial covalent interactions = -45.56
Energy_Ionisation =             0.84
Entropy Complex =               0.00
-----------------------------------------------------------
Total          = 				  -62.18

Starting BuildModel
Reading HA172V;
Residue to Mutate HISA172 has residue index 168
Mutating residue = H1SA172 into VAL
Your file run OK
End time of FoldX: Thu Aug 15 12:37:40 2024
Total time spend: 3.35 seconds.
validated file "wt_input_Repair_1.pdb" => successfully finished
Cleaning BuildModel...DONE
