   ********************************************
   ***                                      ***
   ***             FoldX 4 (c)              ***
   ***                                      ***
   ***     code by the FoldX Consortium     ***
   ***                                      ***
   ***     Jesper Borg, Frederic Rousseau   ***
   ***    Joost Schymkowitz, Luis Serrano   ***
   ***    Peter Vanhee, Erik Verschueren    ***
   ***     Lies Baeten, Javier Delgado      ***
   ***       and Francois Stricher          ***
   *** and any other of the 9! permutations ***
   ***   based on an original concept by    ***
   ***   Raphael Guerois and Luis Serrano   ***
   ********************************************

1 models read: wt_input_Repair.pdb
Output: /home/tzhouaq/offline-moo/off_moo_bench/problem/lambo/data/experiments/test/happy_median_0/2024-08-15_11-38-04/foldx/0da8a53c49ac46d8bf0b9634f8eea93b/wt_input_Repair.log

BackHbond       =               -173.79
SideHbond       =               -75.55
Energy_VdW      =               -265.76
Electro         =               -9.84
Energy_SolvP    =               331.91
Energy_SolvH    =               -350.62
Energy_vdwclash =               11.45
energy_torsion  =               5.93
backbone_vdwclash=              60.03
Entropy_sidec   =               141.88
Entropy_mainc   =               342.73
water bonds     =               0.00
helix dipole    =               0.00
loop_entropy    =               0.00
cis_bond        =               2.25
disulfide       =               0.00
kn electrostatic=               0.00
partial covalent interactions = 0.00
Energy_Ionisation =             1.26
Entropy Complex =               0.00
-----------------------------------------------------------
Total          = 				  -38.15

Starting BuildModel
Reading DA23H;
Residue to Mutate ASPA23 has residue index 20
Mutating residue = ASPA23 into HIS
Your file run OK
End time of FoldX: Tue Nov 26 06:55:14 2024
Total time spend: 2.32 seconds.
validated file "wt_input_Repair_1.pdb" => successfully finished
Cleaning BuildModel...DONE
