   ********************************************
   ***                                      ***
   ***             FoldX 4 (c)              ***
   ***                                      ***
   ***     code by the FoldX Consortium     ***
   ***                                      ***
   ***     Jesper Borg, Frederic Rousseau   ***
   ***    Joost Schymkowitz, Luis Serrano   ***
   ***    Peter Vanhee, Erik Verschueren    ***
   ***     Lies Baeten, Javier Delgado      ***
   ***       and Francois Stricher          ***
   *** and any other of the 9! permutations ***
   ***   based on an original concept by    ***
   ***   Raphael Guerois and Luis Serrano   ***
   ********************************************

1 models read: wt_input_Repair.pdb
Output: /home/tzhouaq/offline-moo/off_moo_bench/problem/lambo/data/experiments/test/happy_median_0/2024-08-15_11-38-04/foldx/5dc4a4ed84fd431b9254c881132432fe/wt_input_Repair.log

BackHbond       =               -174.50
SideHbond       =               -69.57
Energy_VdW      =               -258.21
Electro         =               -10.98
Energy_SolvP    =               318.35
Energy_SolvH    =               -346.31
Energy_vdwclash =               7.59
energy_torsion  =               3.74
backbone_vdwclash=              60.08
Entropy_sidec   =               139.24
Entropy_mainc   =               328.89
water bonds     =               0.00
helix dipole    =               0.00
loop_entropy    =               0.00
cis_bond        =               2.25
disulfide       =               0.00
kn electrostatic=               0.00
partial covalent interactions = 0.00
Energy_Ionisation =             0.72
Entropy Complex =               0.00
-----------------------------------------------------------
Total          = 				  -58.80

Starting BuildModel
Reading NA205M;
Residue to Mutate ASNA205 has residue index 198
Mutating residue = ASNA205 into MET
Your file run OK
End time of FoldX: Thu Aug 15 13:15:27 2024
Total time spend: 3.88 seconds.
validated file "wt_input_Repair_1.pdb" => successfully finished
Cleaning BuildModel...DONE
