   ********************************************
   ***                                      ***
   ***             FoldX 4 (c)              ***
   ***                                      ***
   ***     code by the FoldX Consortium     ***
   ***                                      ***
   ***     Jesper Borg, Frederic Rousseau   ***
   ***    Joost Schymkowitz, Luis Serrano   ***
   ***    Peter Vanhee, Erik Verschueren    ***
   ***     Lies Baeten, Javier Delgado      ***
   ***       and Francois Stricher          ***
   *** and any other of the 9! permutations ***
   ***   based on an original concept by    ***
   ***   Raphael Guerois and Luis Serrano   ***
   ********************************************

1 models read: wt_input_Repair.pdb
Output: /home/tzhouaq/offline-moo/off_moo_bench/problem/lambo/data/experiments/test/happy_median_0/2024-08-15_11-38-04/foldx/4a16831c909142399ca1c45208eee3c5/wt_input_Repair.log

BackHbond       =               -151.74
SideHbond       =               -58.78
Energy_VdW      =               -258.69
Electro         =               -9.54
Energy_SolvP    =               330.94
Energy_SolvH    =               -341.11
Energy_vdwclash =               21.53
energy_torsion  =               7.04
backbone_vdwclash=              75.99
Entropy_sidec   =               133.66
Entropy_mainc   =               350.58
water bonds     =               0.00
helix dipole    =               0.00
loop_entropy    =               0.00
cis_bond        =               2.25
disulfide       =               0.00
kn electrostatic=               0.00
partial covalent interactions = 0.00
Energy_Ionisation =             0.65
Entropy Complex =               0.00
-----------------------------------------------------------
Total          = 				  26.81

Starting BuildModel
Reading FA84S;
Residue to Mutate PHEA84 has residue index 83
Mutating residue = PHEA84 into SER
Your file run OK
End time of FoldX: Tue Nov 26 07:14:55 2024
Total time spend: 4.14 seconds.
validated file "wt_input_Repair_1.pdb" => successfully finished
Cleaning BuildModel...DONE
