   ********************************************
   ***                                      ***
   ***             FoldX 4 (c)              ***
   ***                                      ***
   ***     code by the FoldX Consortium     ***
   ***                                      ***
   ***     Jesper Borg, Frederic Rousseau   ***
   ***    Joost Schymkowitz, Luis Serrano   ***
   ***    Peter Vanhee, Erik Verschueren    ***
   ***     Lies Baeten, Javier Delgado      ***
   ***       and Francois Stricher          ***
   *** and any other of the 9! permutations ***
   ***   based on an original concept by    ***
   ***   Raphael Guerois and Luis Serrano   ***
   ********************************************

1 models read: wt_input_Repair.pdb
Output: /home/tzhouaq/offline-moo/off_moo_bench/problem/lambo/data/experiments/test/happy_median_0/2024-08-15_11-38-04/foldx/7435aa2e01e743549d80a3511a8e36b5/wt_input_Repair.log

BackHbond       =               -174.46
SideHbond       =               -68.20
Energy_VdW      =               -258.54
Electro         =               -10.99
Energy_SolvP    =               317.73
Energy_SolvH    =               -347.55
Energy_vdwclash =               7.54
energy_torsion  =               3.74
backbone_vdwclash=              60.07
Entropy_sidec   =               139.47
Entropy_mainc   =               329.20
water bonds     =               0.00
helix dipole    =               0.00
loop_entropy    =               0.00
cis_bond        =               2.25
disulfide       =               0.00
kn electrostatic=               0.00
partial covalent interactions = 0.00
Energy_Ionisation =             0.72
Entropy Complex =               0.00
-----------------------------------------------------------
Total          = 				  -59.10

Starting BuildModel
Reading KA70T;
Residue to Mutate LYSA70 has residue index 63
Mutating residue = LYSA70 into THR
Your file run OK
End time of FoldX: Thu Aug 15 13:24:18 2024
Total time spend: 37.89 seconds.
validated file "wt_input_Repair_1.pdb" => successfully finished
Cleaning BuildModel...DONE
