   ********************************************
   ***                                      ***
   ***             FoldX 4 (c)              ***
   ***                                      ***
   ***     code by the FoldX Consortium     ***
   ***                                      ***
   ***     Jesper Borg, Frederic Rousseau   ***
   ***    Joost Schymkowitz, Luis Serrano   ***
   ***    Peter Vanhee, Erik Verschueren    ***
   ***     Lies Baeten, Javier Delgado      ***
   ***       and Francois Stricher          ***
   *** and any other of the 9! permutations ***
   ***   based on an original concept by    ***
   ***   Raphael Guerois and Luis Serrano   ***
   ********************************************

1 models read: wt_input_Repair.pdb
Output: /home/tzhouaq/offline-moo/off_moo_bench/problem/lambo/data/experiments/test/happy_median_0/2024-08-15_11-38-04/foldx/354505dd6ff7444bbd7483983b509c1d/wt_input_Repair.log

BackHbond       =               -174.87
SideHbond       =               -70.72
Energy_VdW      =               -256.16
Electro         =               -11.28
Energy_SolvP    =               317.01
Energy_SolvH    =               -343.12
Energy_vdwclash =               7.57
energy_torsion  =               3.69
backbone_vdwclash=              59.51
Entropy_sidec   =               139.03
Entropy_mainc   =               328.33
water bonds     =               0.00
helix dipole    =               0.00
loop_entropy    =               0.00
cis_bond        =               2.25
disulfide       =               0.00
kn electrostatic=               0.00
partial covalent interactions = 0.00
Energy_Ionisation =             0.54
Entropy Complex =               0.00
-----------------------------------------------------------
Total          = 				  -57.71

Starting BuildModel
Reading RA153G;
Residue to Mutate ARGA153 has residue index 146
Mutating residue = ARGA153 into GLY
Your file run OK
End time of FoldX: Thu Aug 15 12:47:13 2024
Total time spend: 2.50 seconds.
validated file "wt_input_Repair_1.pdb" => successfully finished
Cleaning BuildModel...DONE
