   ********************************************
   ***                                      ***
   ***             FoldX 4 (c)              ***
   ***                                      ***
   ***     code by the FoldX Consortium     ***
   ***                                      ***
   ***     Jesper Borg, Frederic Rousseau   ***
   ***    Joost Schymkowitz, Luis Serrano   ***
   ***    Peter Vanhee, Erik Verschueren    ***
   ***     Lies Baeten, Javier Delgado      ***
   ***       and Francois Stricher          ***
   *** and any other of the 9! permutations ***
   ***   based on an original concept by    ***
   ***   Raphael Guerois and Luis Serrano   ***
   ********************************************

1 models read: wt_input_Repair.pdb
Output: /home/tzhouaq/offline-moo/off_moo_bench/problem/lambo/data/experiments/test/happy_median_0/2024-08-15_11-38-04/foldx/7dcce84b084a4b219ab539f16e6fc1e1/wt_input_Repair.log

BackHbond       =               -176.70
SideHbond       =               -68.12
Energy_VdW      =               -255.51
Electro         =               -11.76
Energy_SolvP    =               345.66
Energy_SolvH    =               -336.18
Energy_vdwclash =               7.78
energy_torsion  =               4.78
backbone_vdwclash=              58.83
Entropy_sidec   =               137.84
Entropy_mainc   =               328.48
water bonds     =               0.00
helix dipole    =               0.00
loop_entropy    =               0.00
cis_bond        =               2.25
disulfide       =               0.00
kn electrostatic=               0.00
partial covalent interactions = -45.56
Energy_Ionisation =             0.84
Entropy Complex =               0.00
-----------------------------------------------------------
Total          = 				  -66.21

Starting BuildModel
Reading TA209D;
Residue to Mutate THRA209 has residue index 205
Mutating residue = THRA209 into ASP
Your file run OK
End time of FoldX: Thu Aug 15 12:07:49 2024
Total time spend: 3.48 seconds.
validated file "wt_input_Repair_1.pdb" => successfully finished
Cleaning BuildModel...DONE
