   ********************************************
   ***                                      ***
   ***             FoldX 4 (c)              ***
   ***                                      ***
   ***     code by the FoldX Consortium     ***
   ***                                      ***
   ***     Jesper Borg, Frederic Rousseau   ***
   ***    Joost Schymkowitz, Luis Serrano   ***
   ***    Peter Vanhee, Erik Verschueren    ***
   ***     Lies Baeten, Javier Delgado      ***
   ***       and Francois Stricher          ***
   *** and any other of the 9! permutations ***
   ***   based on an original concept by    ***
   ***   Raphael Guerois and Luis Serrano   ***
   ********************************************

1 models read: wt_input_Repair.pdb
Output: /home/tzhouaq/offline-moo/off_moo_bench/problem/lambo/data/experiments/test/happy_median_0/2024-08-15_11-38-04/foldx/70de56f2b9f641fdb819793e9cf37b6d/wt_input_Repair.log

BackHbond       =               -152.29
SideHbond       =               -62.49
Energy_VdW      =               -259.29
Electro         =               -14.52
Energy_SolvP    =               338.59
Energy_SolvH    =               -339.88
Energy_vdwclash =               26.47
energy_torsion  =               8.57
backbone_vdwclash=              77.04
Entropy_sidec   =               136.11
Entropy_mainc   =               350.69
water bonds     =               0.00
helix dipole    =               0.00
loop_entropy    =               0.00
cis_bond        =               2.25
disulfide       =               0.00
kn electrostatic=               0.00
partial covalent interactions = 0.00
Energy_Ionisation =             1.61
Entropy Complex =               0.00
-----------------------------------------------------------
Total          = 				  35.80

Starting BuildModel
Reading EA91W;
Residue to Mutate GLUA91 has residue index 90
Mutating residue = GLUA91 into TRP
Your file run OK
End time of FoldX: Thu Aug 15 12:00:50 2024
Total time spend: 12.23 seconds.
validated file "wt_input_Repair_1.pdb" => successfully finished
Cleaning BuildModel...DONE
