   ********************************************
   ***                                      ***
   ***             FoldX 4 (c)              ***
   ***                                      ***
   ***     code by the FoldX Consortium     ***
   ***                                      ***
   ***     Jesper Borg, Frederic Rousseau   ***
   ***    Joost Schymkowitz, Luis Serrano   ***
   ***    Peter Vanhee, Erik Verschueren    ***
   ***     Lies Baeten, Javier Delgado      ***
   ***       and Francois Stricher          ***
   *** and any other of the 9! permutations ***
   ***   based on an original concept by    ***
   ***   Raphael Guerois and Luis Serrano   ***
   ********************************************

1 models read: wt_input_Repair.pdb
Output: /home/tzhouaq/offline-moo/off_moo_bench/problem/lambo/data/experiments/test/happy_median_0/2024-08-15_11-38-04/foldx/72fa988c49564573bebd524e1d60a715/wt_input_Repair.log

BackHbond       =               -172.03
SideHbond       =               -74.21
Energy_VdW      =               -262.72
Electro         =               -9.02
Energy_SolvP    =               330.10
Energy_SolvH    =               -345.57
Energy_vdwclash =               9.44
energy_torsion  =               4.48
backbone_vdwclash=              60.12
Entropy_sidec   =               138.87
Entropy_mainc   =               344.98
water bonds     =               0.00
helix dipole    =               0.00
loop_entropy    =               0.00
cis_bond        =               2.25
disulfide       =               0.00
kn electrostatic=               0.00
partial covalent interactions = 0.00
Energy_Ionisation =             1.44
Entropy Complex =               0.00
-----------------------------------------------------------
Total          = 				  -32.00

Starting BuildModel
Reading RA17T;
Residue to Mutate ARGA17 has residue index 14
Mutating residue = ARGA17 into THR
Your file run OK
End time of FoldX: Tue Nov 26 06:56:15 2024
Total time spend: 3.93 seconds.
validated file "wt_input_Repair_1.pdb" => successfully finished
Cleaning BuildModel...DONE
