   ********************************************
   ***                                      ***
   ***             FoldX 4 (c)              ***
   ***                                      ***
   ***     code by the FoldX Consortium     ***
   ***                                      ***
   ***     Jesper Borg, Frederic Rousseau   ***
   ***    Joost Schymkowitz, Luis Serrano   ***
   ***    Peter Vanhee, Erik Verschueren    ***
   ***     Lies Baeten, Javier Delgado      ***
   ***       and Francois Stricher          ***
   *** and any other of the 9! permutations ***
   ***   based on an original concept by    ***
   ***   Raphael Guerois and Luis Serrano   ***
   ********************************************

1 models read: wt_input_Repair.pdb
Output: /home/tzhouaq/offline-moo/off_moo_bench/problem/lambo/data/experiments/test/happy_median_0/2024-08-15_11-38-04/foldx/510626de5ed14f70a8a434e7878f6282/wt_input_Repair.log

BackHbond       =               -174.71
SideHbond       =               -75.96
Energy_VdW      =               -257.79
Electro         =               -11.13
Energy_SolvP    =               324.32
Energy_SolvH    =               -340.90
Energy_vdwclash =               6.59
energy_torsion  =               2.97
backbone_vdwclash=              54.42
Entropy_sidec   =               138.94
Entropy_mainc   =               322.35
water bonds     =               0.00
helix dipole    =               0.00
loop_entropy    =               0.00
cis_bond        =               2.25
disulfide       =               0.00
kn electrostatic=               0.00
partial covalent interactions = 0.00
Energy_Ionisation =             0.72
Entropy Complex =               0.00
-----------------------------------------------------------
Total          = 				  -62.35

Starting BuildModel
Reading YA83D;
Residue to Mutate TYRA83 has residue index 76
Mutating residue = TYRA83 into ASP
Your file run OK
End time of FoldX: Thu Aug 15 13:09:37 2024
Total time spend: 8.68 seconds.
validated file "wt_input_Repair_1.pdb" => successfully finished
Cleaning BuildModel...DONE
