   ********************************************
   ***                                      ***
   ***             FoldX 4 (c)              ***
   ***                                      ***
   ***     code by the FoldX Consortium     ***
   ***                                      ***
   ***     Jesper Borg, Frederic Rousseau   ***
   ***    Joost Schymkowitz, Luis Serrano   ***
   ***    Peter Vanhee, Erik Verschueren    ***
   ***     Lies Baeten, Javier Delgado      ***
   ***       and Francois Stricher          ***
   *** and any other of the 9! permutations ***
   ***   based on an original concept by    ***
   ***   Raphael Guerois and Luis Serrano   ***
   ********************************************

1 models read: wt_input_Repair.pdb
Output: /home/tzhouaq/offline-moo/off_moo_bench/problem/lambo/data/experiments/test/happy_median_0/2024-08-15_11-38-04/foldx/7c5b965ad4f84e238a153d4be1fd10b0/wt_input_Repair.log

BackHbond       =               -174.02
SideHbond       =               -71.96
Energy_VdW      =               -257.23
Electro         =               -11.49
Energy_SolvP    =               317.64
Energy_SolvH    =               -344.68
Energy_vdwclash =               7.42
energy_torsion  =               3.62
backbone_vdwclash=              59.24
Entropy_sidec   =               141.00
Entropy_mainc   =               329.04
water bonds     =               0.00
helix dipole    =               0.00
loop_entropy    =               0.00
cis_bond        =               2.25
disulfide       =               0.00
kn electrostatic=               0.00
partial covalent interactions = 0.00
Energy_Ionisation =             0.59
Entropy Complex =               0.00
-----------------------------------------------------------
Total          = 				  -57.83

Starting BuildModel
Reading IA201G;
Residue to Mutate ILEA201 has residue index 194
Mutating residue = ILEA201 into GLY
Your file run OK
End time of FoldX: Thu Aug 15 11:55:38 2024
Total time spend: 3.85 seconds.
validated file "wt_input_Repair_1.pdb" => successfully finished
Cleaning BuildModel...DONE
