   ********************************************
   ***                                      ***
   ***             FoldX 4 (c)              ***
   ***                                      ***
   ***     code by the FoldX Consortium     ***
   ***                                      ***
   ***     Jesper Borg, Frederic Rousseau   ***
   ***    Joost Schymkowitz, Luis Serrano   ***
   ***    Peter Vanhee, Erik Verschueren    ***
   ***     Lies Baeten, Javier Delgado      ***
   ***       and Francois Stricher          ***
   *** and any other of the 9! permutations ***
   ***   based on an original concept by    ***
   ***   Raphael Guerois and Luis Serrano   ***
   ********************************************

1 models read: wt_input_Repair.pdb
Output: /home/tzhouaq/offline-moo/off_moo_bench/problem/lambo/data/experiments/test/happy_median_0/2024-08-15_11-38-04/foldx/699e08ffd54d4372b73a460289174608/wt_input_Repair.log

BackHbond       =               -174.67
SideHbond       =               -81.64
Energy_VdW      =               -265.45
Electro         =               -11.23
Energy_SolvP    =               337.52
Energy_SolvH    =               -346.12
Energy_vdwclash =               9.53
energy_torsion  =               5.14
backbone_vdwclash=              59.90
Entropy_sidec   =               143.14
Entropy_mainc   =               346.80
water bonds     =               0.00
helix dipole    =               0.00
loop_entropy    =               0.00
cis_bond        =               2.25
disulfide       =               0.00
kn electrostatic=               0.00
partial covalent interactions = 0.00
Energy_Ionisation =             1.45
Entropy Complex =               0.00
-----------------------------------------------------------
Total          = 				  -33.27

Starting BuildModel
Reading VA48D;
Residue to Mutate VALA48 has residue index 45
Mutating residue = VALA48 into ASP
Your file run OK
End time of FoldX: Thu Aug 15 12:47:07 2024
Total time spend: 1.84 seconds.
validated file "wt_input_Repair_1.pdb" => successfully finished
Cleaning BuildModel...DONE
