   ********************************************
   ***                                      ***
   ***             FoldX 4 (c)              ***
   ***                                      ***
   ***     code by the FoldX Consortium     ***
   ***                                      ***
   ***     Jesper Borg, Frederic Rousseau   ***
   ***    Joost Schymkowitz, Luis Serrano   ***
   ***    Peter Vanhee, Erik Verschueren    ***
   ***     Lies Baeten, Javier Delgado      ***
   ***       and Francois Stricher          ***
   *** and any other of the 9! permutations ***
   ***   based on an original concept by    ***
   ***   Raphael Guerois and Luis Serrano   ***
   ********************************************

1 models read: wt_input_Repair.pdb
Output: /home/tzhouaq/offline-moo/off_moo_bench/problem/lambo/data/experiments/test/happy_median_0/2024-08-15_11-38-04/foldx/547a7509f7904ff79d289093f1540205/wt_input_Repair.log

BackHbond       =               -176.76
SideHbond       =               -65.93
Energy_VdW      =               -259.30
Electro         =               -10.59
Energy_SolvP    =               345.21
Energy_SolvH    =               -342.97
Energy_vdwclash =               8.16
energy_torsion  =               4.54
backbone_vdwclash=              59.06
Entropy_sidec   =               138.64
Entropy_mainc   =               328.67
water bonds     =               0.00
helix dipole    =               0.00
loop_entropy    =               0.00
cis_bond        =               2.25
disulfide       =               0.00
kn electrostatic=               0.00
partial covalent interactions = -39.93
Energy_Ionisation =             0.84
Entropy Complex =               0.00
-----------------------------------------------------------
Total          = 				  -67.18

Starting BuildModel
Reading GA20Q;
Residue to Mutate GLYA20 has residue index 16
Mutating residue = GLYA20 into GLN
Your file run OK
End time of FoldX: Thu Aug 15 13:06:06 2024
Total time spend: 9.59 seconds.
validated file "wt_input_Repair_1.pdb" => successfully finished
Cleaning BuildModel...DONE
