   ********************************************
   ***                                      ***
   ***             FoldX 4 (c)              ***
   ***                                      ***
   ***     code by the FoldX Consortium     ***
   ***                                      ***
   ***     Jesper Borg, Frederic Rousseau   ***
   ***    Joost Schymkowitz, Luis Serrano   ***
   ***    Peter Vanhee, Erik Verschueren    ***
   ***     Lies Baeten, Javier Delgado      ***
   ***       and Francois Stricher          ***
   *** and any other of the 9! permutations ***
   ***   based on an original concept by    ***
   ***   Raphael Guerois and Luis Serrano   ***
   ********************************************

1 models read: wt_input_Repair.pdb
Output: /home/tzhouaq/offline-moo/off_moo_bench/problem/lambo/data/experiments/test/happy_median_0/2024-08-15_11-38-04/foldx/60e346c9646240a8b85199abd0b6ef15/wt_input_Repair.log

BackHbond       =               -174.54
SideHbond       =               -82.19
Energy_VdW      =               -264.16
Electro         =               -11.84
Energy_SolvP    =               336.94
Energy_SolvH    =               -344.16
Energy_vdwclash =               8.57
energy_torsion  =               4.45
backbone_vdwclash=              59.73
Entropy_sidec   =               142.96
Entropy_mainc   =               344.09
water bonds     =               0.00
helix dipole    =               0.00
loop_entropy    =               0.00
cis_bond        =               2.25
disulfide       =               0.00
kn electrostatic=               0.00
partial covalent interactions = 0.00
Energy_Ionisation =             1.45
Entropy Complex =               0.00
-----------------------------------------------------------
Total          = 				  -36.17

Starting BuildModel
Reading RA176S;
Residue to Mutate ARGA176 has residue index 173
Mutating residue = ARGA176 into SER
Your file run OK
End time of FoldX: Thu Aug 15 12:06:04 2024
Total time spend: 5.84 seconds.
validated file "wt_input_Repair_1.pdb" => successfully finished
Cleaning BuildModel...DONE
