   ********************************************
   ***                                      ***
   ***             FoldX 4 (c)              ***
   ***                                      ***
   ***     code by the FoldX Consortium     ***
   ***                                      ***
   ***     Jesper Borg, Frederic Rousseau   ***
   ***    Joost Schymkowitz, Luis Serrano   ***
   ***    Peter Vanhee, Erik Verschueren    ***
   ***     Lies Baeten, Javier Delgado      ***
   ***       and Francois Stricher          ***
   *** and any other of the 9! permutations ***
   ***   based on an original concept by    ***
   ***   Raphael Guerois and Luis Serrano   ***
   ********************************************

1 models read: wt_input_Repair.pdb
Output: /home/tzhouaq/offline-moo/off_moo_bench/problem/lambo/data/experiments/test/happy_median_0/2024-08-15_11-38-04/foldx/1756ed6832754d038715760873b64151/wt_input_Repair.log

BackHbond       =               -174.87
SideHbond       =               -70.72
Energy_VdW      =               -256.49
Electro         =               -11.06
Energy_SolvP    =               317.15
Energy_SolvH    =               -343.69
Energy_vdwclash =               7.55
energy_torsion  =               3.85
backbone_vdwclash=              59.55
Entropy_sidec   =               138.98
Entropy_mainc   =               328.62
water bonds     =               0.00
helix dipole    =               0.00
loop_entropy    =               0.00
cis_bond        =               2.25
disulfide       =               0.00
kn electrostatic=               0.00
partial covalent interactions = 0.00
Energy_Ionisation =             0.54
Entropy Complex =               0.00
-----------------------------------------------------------
Total          = 				  -57.87

Starting BuildModel
Reading LA225D;
Residue to Mutate LEUA225 has residue index 218
Mutating residue = LEUA225 into ASP
Your file run OK
End time of FoldX: Thu Aug 15 13:02:55 2024
Total time spend: 2.81 seconds.
validated file "wt_input_Repair_1.pdb" => successfully finished
Cleaning BuildModel...DONE
