   ********************************************
   ***                                      ***
   ***             FoldX 4 (c)              ***
   ***                                      ***
   ***     code by the FoldX Consortium     ***
   ***                                      ***
   ***     Jesper Borg, Frederic Rousseau   ***
   ***    Joost Schymkowitz, Luis Serrano   ***
   ***    Peter Vanhee, Erik Verschueren    ***
   ***     Lies Baeten, Javier Delgado      ***
   ***       and Francois Stricher          ***
   *** and any other of the 9! permutations ***
   ***   based on an original concept by    ***
   ***   Raphael Guerois and Luis Serrano   ***
   ********************************************

1 models read: wt_input_Repair.pdb
Output: /home/tzhouaq/offline-moo/off_moo_bench/problem/lambo/data/experiments/test/happy_median_0/2024-08-15_11-38-04/foldx/1671623e175243b480c8049c690711d2/wt_input_Repair.log

BackHbond       =               -174.15
SideHbond       =               -69.47
Energy_VdW      =               -257.64
Electro         =               -11.02
Energy_SolvP    =               316.84
Energy_SolvH    =               -345.49
Energy_vdwclash =               7.36
energy_torsion  =               3.70
backbone_vdwclash=              59.26
Entropy_sidec   =               139.35
Entropy_mainc   =               329.23
water bonds     =               0.00
helix dipole    =               0.00
loop_entropy    =               0.00
cis_bond        =               2.25
disulfide       =               0.00
kn electrostatic=               0.00
partial covalent interactions = 0.00
Energy_Ionisation =             0.60
Entropy Complex =               0.00
-----------------------------------------------------------
Total          = 				  -58.44

Starting BuildModel
Reading GA116Q;
Residue to Mutate GLYA116 has residue index 109
Mutating residue = GLYA116 into GLN
Your file run OK
End time of FoldX: Thu Aug 15 12:11:00 2024
Total time spend: 6.47 seconds.
validated file "wt_input_Repair_1.pdb" => successfully finished
Cleaning BuildModel...DONE
