   ********************************************
   ***                                      ***
   ***             FoldX 4 (c)              ***
   ***                                      ***
   ***     code by the FoldX Consortium     ***
   ***                                      ***
   ***     Jesper Borg, Frederic Rousseau   ***
   ***    Joost Schymkowitz, Luis Serrano   ***
   ***    Peter Vanhee, Erik Verschueren    ***
   ***     Lies Baeten, Javier Delgado      ***
   ***       and Francois Stricher          ***
   *** and any other of the 9! permutations ***
   ***   based on an original concept by    ***
   ***   Raphael Guerois and Luis Serrano   ***
   ********************************************

1 models read: wt_input_Repair.pdb
Output: /home/tzhouaq/offline-moo/off_moo_bench/problem/lambo/data/experiments/test/happy_median_0/2024-08-15_11-38-04/foldx/33eec6e55c844f37849eb9b1ecdbaee5/wt_input_Repair.log

BackHbond       =               -174.33
SideHbond       =               -69.44
Energy_VdW      =               -259.31
Electro         =               -10.55
Energy_SolvP    =               317.22
Energy_SolvH    =               -348.58
Energy_vdwclash =               7.47
energy_torsion  =               3.75
backbone_vdwclash=              59.21
Entropy_sidec   =               139.91
Entropy_mainc   =               329.90
water bonds     =               0.00
helix dipole    =               0.00
loop_entropy    =               0.00
cis_bond        =               2.25
disulfide       =               0.00
kn electrostatic=               0.00
partial covalent interactions = 0.00
Energy_Ionisation =             0.60
Entropy Complex =               0.00
-----------------------------------------------------------
Total          = 				  -61.12

Starting BuildModel
Reading LA225Y;
Residue to Mutate LEUA225 has residue index 218
Mutating residue = LEUA225 into TYR
Your file run OK
End time of FoldX: Thu Aug 15 12:54:38 2024
Total time spend: 3.88 seconds.
validated file "wt_input_Repair_1.pdb" => successfully finished
Cleaning BuildModel...DONE
