   ********************************************
   ***                                      ***
   ***             FoldX 4 (c)              ***
   ***                                      ***
   ***     code by the FoldX Consortium     ***
   ***                                      ***
   ***     Jesper Borg, Frederic Rousseau   ***
   ***    Joost Schymkowitz, Luis Serrano   ***
   ***    Peter Vanhee, Erik Verschueren    ***
   ***     Lies Baeten, Javier Delgado      ***
   ***       and Francois Stricher          ***
   *** and any other of the 9! permutations ***
   ***   based on an original concept by    ***
   ***   Raphael Guerois and Luis Serrano   ***
   ********************************************

1 models read: wt_input_Repair.pdb
Output: /home/tzhouaq/offline-moo/off_moo_bench/problem/lambo/data/experiments/test/happy_median_0/2024-08-15_11-38-04/foldx/947e13bb5c154a6482fba4b2df770b16/wt_input_Repair.log

BackHbond       =               -175.53
SideHbond       =               -68.02
Energy_VdW      =               -260.88
Electro         =               -12.17
Energy_SolvP    =               349.70
Energy_SolvH    =               -344.56
Energy_vdwclash =               10.29
energy_torsion  =               4.81
backbone_vdwclash=              58.69
Entropy_sidec   =               140.13
Entropy_mainc   =               329.01
water bonds     =               0.00
helix dipole    =               0.00
loop_entropy    =               0.00
cis_bond        =               2.25
disulfide       =               0.00
kn electrostatic=               0.00
partial covalent interactions = -45.56
Energy_Ionisation =             0.85
Entropy Complex =               0.00
-----------------------------------------------------------
Total          = 				  -69.68

Starting BuildModel
Reading EA218R;
Residue to Mutate GLUA218 has residue index 214
Mutating residue = GLUA218 into ARG
Your file run OK
End time of FoldX: Thu Aug 15 12:18:25 2024
Total time spend: 11.62 seconds.
validated file "wt_input_Repair_1.pdb" => successfully finished
Cleaning BuildModel...DONE
