   ********************************************
   ***                                      ***
   ***             FoldX 4 (c)              ***
   ***                                      ***
   ***     code by the FoldX Consortium     ***
   ***                                      ***
   ***     Jesper Borg, Frederic Rousseau   ***
   ***    Joost Schymkowitz, Luis Serrano   ***
   ***    Peter Vanhee, Erik Verschueren    ***
   ***     Lies Baeten, Javier Delgado      ***
   ***       and Francois Stricher          ***
   *** and any other of the 9! permutations ***
   ***   based on an original concept by    ***
   ***   Raphael Guerois and Luis Serrano   ***
   ********************************************

1 models read: wt_input_Repair.pdb
Output: /home/tzhouaq/offline-moo/off_moo_bench/problem/lambo/data/experiments/test/happy_median_0/2024-08-15_11-38-04/foldx/4dc18f0d84eb496b98f2e5f3bbee74f9/wt_input_Repair.log

BackHbond       =               -176.42
SideHbond       =               -82.60
Energy_VdW      =               -265.12
Electro         =               -11.60
Energy_SolvP    =               338.24
Energy_SolvH    =               -345.64
Energy_vdwclash =               8.88
energy_torsion  =               4.41
backbone_vdwclash=              59.86
Entropy_sidec   =               143.82
Entropy_mainc   =               344.12
water bonds     =               0.00
helix dipole    =               0.00
loop_entropy    =               0.00
cis_bond        =               2.25
disulfide       =               0.00
kn electrostatic=               0.00
partial covalent interactions = 0.00
Energy_Ionisation =             1.40
Entropy Complex =               0.00
-----------------------------------------------------------
Total          = 				  -38.26

Starting BuildModel
Reading AA212W;
Residue to Mutate ALAA212 has residue index 209
Mutating residue = ALAA212 into TRP
Your file run OK
End time of FoldX: Thu Aug 15 11:52:36 2024
Total time spend: 3.27 seconds.
validated file "wt_input_Repair_1.pdb" => successfully finished
Cleaning BuildModel...DONE
