   ********************************************
   ***                                      ***
   ***             FoldX 4 (c)              ***
   ***                                      ***
   ***     code by the FoldX Consortium     ***
   ***                                      ***
   ***     Jesper Borg, Frederic Rousseau   ***
   ***    Joost Schymkowitz, Luis Serrano   ***
   ***    Peter Vanhee, Erik Verschueren    ***
   ***     Lies Baeten, Javier Delgado      ***
   ***       and Francois Stricher          ***
   *** and any other of the 9! permutations ***
   ***   based on an original concept by    ***
   ***   Raphael Guerois and Luis Serrano   ***
   ********************************************

1 models read: wt_input_Repair.pdb
Output: /home/tzhouaq/offline-moo/off_moo_bench/problem/lambo/data/experiments/test/happy_median_0/2024-08-15_11-38-04/foldx/1973d131aabb439cb9d61a28576771d0/wt_input_Repair.log

BackHbond       =               -152.16
SideHbond       =               -62.39
Energy_VdW      =               -260.59
Electro         =               -13.21
Energy_SolvP    =               338.59
Energy_SolvH    =               -342.14
Energy_vdwclash =               22.52
energy_torsion  =               7.55
backbone_vdwclash=              76.88
Entropy_sidec   =               136.63
Entropy_mainc   =               349.25
water bonds     =               0.00
helix dipole    =               0.00
loop_entropy    =               0.00
cis_bond        =               2.25
disulfide       =               0.00
kn electrostatic=               0.00
partial covalent interactions = 0.00
Energy_Ionisation =             1.03
Entropy Complex =               0.00
-----------------------------------------------------------
Total          = 				  27.31

Starting BuildModel
Reading LA162P;
Residue to Mutate LEUA162 has residue index 161
Mutating residue = LEUA162 into PRO
Your file run OK
End time of FoldX: Thu Aug 15 11:49:34 2024
Total time spend: 2.21 seconds.
validated file "wt_input_Repair_1.pdb" => successfully finished
Cleaning BuildModel...DONE
