   ********************************************
   ***                                      ***
   ***             FoldX 4 (c)              ***
   ***                                      ***
   ***     code by the FoldX Consortium     ***
   ***                                      ***
   ***     Jesper Borg, Frederic Rousseau   ***
   ***    Joost Schymkowitz, Luis Serrano   ***
   ***    Peter Vanhee, Erik Verschueren    ***
   ***     Lies Baeten, Javier Delgado      ***
   ***       and Francois Stricher          ***
   *** and any other of the 9! permutations ***
   ***   based on an original concept by    ***
   ***   Raphael Guerois and Luis Serrano   ***
   ********************************************

1 models read: wt_input_Repair.pdb
Output: /home/tzhouaq/offline-moo/off_moo_bench/problem/lambo/data/experiments/test/happy_median_0/2024-08-15_11-38-04/foldx/14cfff7602744f7dbbe476a9ae2caffa/wt_input_Repair.log

BackHbond       =               -177.12
SideHbond       =               -64.42
Energy_VdW      =               -261.97
Electro         =               -11.17
Energy_SolvP    =               347.53
Energy_SolvH    =               -347.19
Energy_vdwclash =               8.20
energy_torsion  =               4.67
backbone_vdwclash=              59.07
Entropy_sidec   =               139.23
Entropy_mainc   =               329.18
water bonds     =               0.00
helix dipole    =               0.00
loop_entropy    =               0.00
cis_bond        =               2.25
disulfide       =               0.00
kn electrostatic=               0.00
partial covalent interactions = -45.56
Energy_Ionisation =             0.89
Entropy Complex =               0.00
-----------------------------------------------------------
Total          = 				  -75.47

Starting BuildModel
Reading PA76E;
Residue to Mutate PROA76 has residue index 72
Mutating residue = PROA76 into GLU
Your file run OK
End time of FoldX: Tue Nov 26 07:06:16 2024
Total time spend: 2.88 seconds.
validated file "wt_input_Repair_1.pdb" => successfully finished
Cleaning BuildModel...DONE
