   ********************************************
   ***                                      ***
   ***             FoldX 4 (c)              ***
   ***                                      ***
   ***     code by the FoldX Consortium     ***
   ***                                      ***
   ***     Jesper Borg, Frederic Rousseau   ***
   ***    Joost Schymkowitz, Luis Serrano   ***
   ***    Peter Vanhee, Erik Verschueren    ***
   ***     Lies Baeten, Javier Delgado      ***
   ***       and Francois Stricher          ***
   *** and any other of the 9! permutations ***
   ***   based on an original concept by    ***
   ***   Raphael Guerois and Luis Serrano   ***
   ********************************************

1 models read: wt_input_Repair.pdb
Output: /home/tzhouaq/offline-moo/off_moo_bench/problem/lambo/data/experiments/test/happy_median_0/2024-08-15_11-38-04/foldx/067936098fd243ac9579ae3933ca0b98/wt_input_Repair.log

BackHbond       =               -175.49
SideHbond       =               -76.74
Energy_VdW      =               -257.81
Electro         =               -10.98
Energy_SolvP    =               324.48
Energy_SolvH    =               -340.73
Energy_vdwclash =               6.58
energy_torsion  =               3.04
backbone_vdwclash=              54.40
Entropy_sidec   =               139.64
Entropy_mainc   =               322.12
water bonds     =               0.00
helix dipole    =               0.00
loop_entropy    =               0.00
cis_bond        =               2.25
disulfide       =               0.00
kn electrostatic=               0.00
partial covalent interactions = 0.00
Energy_Ionisation =             0.72
Entropy Complex =               0.00
-----------------------------------------------------------
Total          = 				  -62.93

Starting BuildModel
Reading FA15Q;
Residue to Mutate PHEA15 has residue index 8
Mutating residue = PHEA15 into GLN
Your file run OK
End time of FoldX: Thu Aug 15 12:59:55 2024
Total time spend: 2.51 seconds.
validated file "wt_input_Repair_1.pdb" => successfully finished
Cleaning BuildModel...DONE
