   ********************************************
   ***                                      ***
   ***             FoldX 4 (c)              ***
   ***                                      ***
   ***     code by the FoldX Consortium     ***
   ***                                      ***
   ***     Jesper Borg, Frederic Rousseau   ***
   ***    Joost Schymkowitz, Luis Serrano   ***
   ***    Peter Vanhee, Erik Verschueren    ***
   ***     Lies Baeten, Javier Delgado      ***
   ***       and Francois Stricher          ***
   *** and any other of the 9! permutations ***
   ***   based on an original concept by    ***
   ***   Raphael Guerois and Luis Serrano   ***
   ********************************************

1 models read: wt_input_Repair.pdb
Output: /home/tzhouaq/offline-moo/off_moo_bench/problem/lambo/data/experiments/test/happy_median_0/2024-08-15_11-38-04/foldx/88329da17b664da78b2e0d843c41ab59/wt_input_Repair.log

BackHbond       =               -178.10
SideHbond       =               -80.70
Energy_VdW      =               -266.22
Electro         =               -10.66
Energy_SolvP    =               334.03
Energy_SolvH    =               -349.61
Energy_vdwclash =               7.36
energy_torsion  =               4.55
backbone_vdwclash=              59.80
Entropy_sidec   =               143.92
Entropy_mainc   =               345.31
water bonds     =               0.00
helix dipole    =               0.00
loop_entropy    =               0.00
cis_bond        =               2.25
disulfide       =               0.00
kn electrostatic=               0.00
partial covalent interactions = 0.00
Energy_Ionisation =             1.43
Entropy Complex =               0.00
-----------------------------------------------------------
Total          = 				  -46.43

Starting BuildModel
Reading RA17Q;
Residue to Mutate ARGA17 has residue index 14
Mutating residue = ARGA17 into GLN
Your file run OK
End time of FoldX: Tue Nov 26 08:26:44 2024
Total time spend: 6.43 seconds.
validated file "wt_input_Repair_1.pdb" => successfully finished
Cleaning BuildModel...DONE
