   ********************************************
   ***                                      ***
   ***             FoldX 4 (c)              ***
   ***                                      ***
   ***     code by the FoldX Consortium     ***
   ***                                      ***
   ***     Jesper Borg, Frederic Rousseau   ***
   ***    Joost Schymkowitz, Luis Serrano   ***
   ***    Peter Vanhee, Erik Verschueren    ***
   ***     Lies Baeten, Javier Delgado      ***
   ***       and Francois Stricher          ***
   *** and any other of the 9! permutations ***
   ***   based on an original concept by    ***
   ***   Raphael Guerois and Luis Serrano   ***
   ********************************************

1 models read: wt_input_Repair.pdb
Output: /home/tzhouaq/offline-moo/off_moo_bench/problem/lambo/data/experiments/test/happy_median_0/2024-08-15_11-38-04/foldx/3c81d54837fb4397aa6521e36f071ecd/wt_input_Repair.log

BackHbond       =               -173.04
SideHbond       =               -81.57
Energy_VdW      =               -265.35
Electro         =               -11.24
Energy_SolvP    =               337.22
Energy_SolvH    =               -346.52
Energy_vdwclash =               8.47
energy_torsion  =               4.41
backbone_vdwclash=              59.73
Entropy_sidec   =               143.77
Entropy_mainc   =               343.99
water bonds     =               0.00
helix dipole    =               0.00
loop_entropy    =               0.00
cis_bond        =               2.25
disulfide       =               0.00
kn electrostatic=               0.00
partial covalent interactions = 0.00
Energy_Ionisation =             1.45
Entropy Complex =               0.00
-----------------------------------------------------------
Total          = 				  -36.15

Starting BuildModel
Reading DA164W;
Residue to Mutate ASPA164 has residue index 161
Mutating residue = ASPA164 into TRP
Your file run OK
End time of FoldX: Thu Aug 15 12:47:29 2024
Total time spend: 4.88 seconds.
validated file "wt_input_Repair_1.pdb" => successfully finished
Cleaning BuildModel...DONE
