   ********************************************
   ***                                      ***
   ***             FoldX 4 (c)              ***
   ***                                      ***
   ***     code by the FoldX Consortium     ***
   ***                                      ***
   ***     Jesper Borg, Frederic Rousseau   ***
   ***    Joost Schymkowitz, Luis Serrano   ***
   ***    Peter Vanhee, Erik Verschueren    ***
   ***     Lies Baeten, Javier Delgado      ***
   ***       and Francois Stricher          ***
   *** and any other of the 9! permutations ***
   ***   based on an original concept by    ***
   ***   Raphael Guerois and Luis Serrano   ***
   ********************************************

1 models read: wt_input_Repair.pdb
Output: /home/tzhouaq/offline-moo/off_moo_bench/problem/lambo/data/experiments/test/happy_median_0/2024-08-15_11-38-04/foldx/0eafe6b406da452191515912315b915b/wt_input_Repair.log

BackHbond       =               -176.86
SideHbond       =               -65.16
Energy_VdW      =               -260.14
Electro         =               -10.42
Energy_SolvP    =               344.45
Energy_SolvH    =               -344.59
Energy_vdwclash =               8.57
energy_torsion  =               4.58
backbone_vdwclash=              59.10
Entropy_sidec   =               138.33
Entropy_mainc   =               328.57
water bonds     =               0.00
helix dipole    =               0.00
loop_entropy    =               0.00
cis_bond        =               2.25
disulfide       =               0.00
kn electrostatic=               0.00
partial covalent interactions = -39.93
Energy_Ionisation =             0.84
Entropy Complex =               0.00
-----------------------------------------------------------
Total          = 				  -69.52

Starting BuildModel
Reading EA89E;
Residue to Mutate GLUA89 has residue index 85
Mutating residue = GLUA89 into GLU
Your file run OK
End time of FoldX: Tue Nov 26 07:03:43 2024
Total time spend: 2.34 seconds.
validated file "wt_input_Repair_1.pdb" => successfully finished
Cleaning BuildModel...DONE
